2017/07/18 18:46:19 Log started
2017/07/20 10:45:38 Log started
